-- ================================================================
-- roaring_revproj: projecting an UNCONSTRAINED key column
--
-- A roaring key column can be returned by an IndexOnlyScan only when it is
-- pinned by an equality clause.  Projecting a key column with no equality
-- clause (SELECT a WHERE b=5, or a column constrained only by IN / IS NOT NULL)
-- cannot be reconstructed from the index, so the planner suppresses the
-- IndexOnlyScan for that shape (roaring_suppress_unreturnable_ios) and uses a
-- bitmap/heap/seq scan that projects the column correctly from the heap.
--
-- The common fast paths — INCLUDE projection (sum(id)) and equality-pinned key
-- projection — must stay index-only.  Correctness is cross-checked against a
-- forced-seqscan oracle.
-- ================================================================
CREATE EXTENSION IF NOT EXISTS pg_roaring_index;
NOTICE:  extension "pg_roaring_index" already exists, skipping
CREATE TABLE rv (id bigint, a int, b int);
-- a and b independent: for a fixed b, a ranges over 0..49
INSERT INTO rv SELECT g, g % 50, (g / 50) % 40
               FROM generate_series(1, 40000) g;
CREATE INDEX rv_idx ON rv USING roaring (a, b) INCLUDE (id);
VACUUM ANALYZE rv;
-- ----------------------------------------------------------------
-- Fast paths stay index-only.
-- ----------------------------------------------------------------
-- INCLUDE projection: the flagship sum(id) path.
EXPLAIN (COSTS OFF) SELECT sum(id) FROM rv WHERE b = 7;
                QUERY PLAN                
------------------------------------------
 Aggregate
   ->  Index Only Scan using rv_idx on rv
         Index Cond: (b = 7)
(3 rows)

-- Equality-pinned key projection: a is reconstructable from a = 5.
EXPLAIN (COSTS OFF) SELECT sum(id) FROM rv WHERE a = 5;
                QUERY PLAN                
------------------------------------------
 Aggregate
   ->  Index Only Scan using rv_idx on rv
         Index Cond: (a = 5)
(3 rows)

-- ----------------------------------------------------------------
-- Unconstrained key projection is NOT index-only, and is correct.
-- ----------------------------------------------------------------
-- a has no equality clause here, so the IndexOnlyScan is suppressed.
SELECT 'idx' AS src, a, count(*) FROM rv WHERE b = 7 GROUP BY a ORDER BY a LIMIT 5;
 src | a | count 
-----+---+-------
 idx | 0 |    20
 idx | 1 |    20
 idx | 2 |    20
 idx | 3 |    20
 idx | 4 |    20
(5 rows)

-- projecting a constrained only by IS NOT NULL is likewise not reconstructable.
SELECT 'idx' AS src, a, count(*) FROM rv WHERE b = 7 AND a IS NOT NULL
  GROUP BY a ORDER BY a LIMIT 5;
 src | a | count 
-----+---+-------
 idx | 0 |    20
 idx | 1 |    20
 idx | 2 |    20
 idx | 3 |    20
 idx | 4 |    20
(5 rows)

-- Oracle: force a sequential scan and compare.
SET enable_indexscan = off;
SET enable_bitmapscan = off;
SET enable_indexonlyscan = off;
SELECT 'seq' AS src, a, count(*) FROM rv WHERE b = 7 GROUP BY a ORDER BY a LIMIT 5;
 src | a | count 
-----+---+-------
 seq | 0 |    20
 seq | 1 |    20
 seq | 2 |    20
 seq | 3 |    20
 seq | 4 |    20
(5 rows)

SELECT 'seq' AS src, a, count(*) FROM rv WHERE b = 7 AND a IS NOT NULL
  GROUP BY a ORDER BY a LIMIT 5;
 src | a | count 
-----+---+-------
 seq | 0 |    20
 seq | 1 |    20
 seq | 2 |    20
 seq | 3 |    20
 seq | 4 |    20
(5 rows)

RESET enable_indexscan;
RESET enable_bitmapscan;
RESET enable_indexonlyscan;
-- The degenerate case (seqscan off, paths pruned) must still be correct — the
-- hook adds a bitmap-heap fallback (and a seqscan backstop) so it never NULLs.
SET enable_seqscan = off;
SELECT 'idx_noseq' AS src, a, count(*) FROM rv WHERE b = 7 GROUP BY a ORDER BY a LIMIT 3;
    src    | a | count 
-----------+---+-------
 idx_noseq | 0 |    20
 idx_noseq | 1 |    20
 idx_noseq | 2 |    20
(3 rows)

RESET enable_seqscan;
DROP TABLE rv;
-- ----------------------------------------------------------------
-- Multi-column int8 key is hashed (canreturn = false): not returnable, so
-- projecting it is never an IndexOnlyScan, and the values are correct.
-- ----------------------------------------------------------------
CREATE TABLE r8 (id int, k int8, b int);
INSERT INTO r8 SELECT g, (g % 5)::int8 * 1000000000000, g % 3
               FROM generate_series(1, 4000) g;
CREATE INDEX r8_idx ON r8 USING roaring (k, b);
VACUUM ANALYZE r8;
SET enable_seqscan = off;
SELECT k, count(*) FROM r8 WHERE b = 1 GROUP BY k ORDER BY k;
       k       | count 
---------------+-------
             0 |   267
 1000000000000 |   267
 2000000000000 |   267
 3000000000000 |   266
 4000000000000 |   267
(5 rows)

RESET enable_seqscan;
DROP TABLE r8;
